
20221201_labels_San Francisco.xlsx-sheetidx:1-NUM SHEETS MISMATCH
20221203_labels_San Francisco.xlsx-sheetidx:1-NUM SHEETS MISMATCH
20221201_labels_San Francisco.xlsx-sheetIdx:1-NUM SHEETS MISMATCH
20221203_labels_San Francisco.xlsx-sheetIdx:1-NUM SHEETS MISMATCH